[2026-09-23 16:59:33] 🚀 === BẮT ĐẦU QUY TRÌNH DEPLOY TỰ ĐỘNG ===
[2026-09-23 16:59:33] 📦 [1/5] Sao lưu bản build hiện tại để sẵn sàng rollback nếu gặp sự cố...
[2026-09-23 16:59:33] 📥 [2/5] Cập nhật mã nguồn từ GitHub...
[2026-09-23 16:59:33] 📦 [3/5] Cài đặt dependencies mới...
[2026-09-23 16:59:34] 🔨 [4/5] Build React Production Bundle qua Vite...
[2026-09-23 16:59:37] 🧪 [5/5] Kiểm tra file dist/index.html sau build...
[2026-09-23 16:59:37] ✨ Reload ứng dụng PM2 với phiên bản mới...
[2026-09-23 16:59:38] 🎉 DEPLOY THÀNH CÔNG RỰC RỠ! Phiên bản mới đã online.
[2026-09-23 17:37:32] 🚀 === BẮT ĐẦU QUY TRÌNH DEPLOY TỰ ĐỘNG ===
[2026-09-23 17:37:32] 📦 [1/5] Sao lưu bản build hiện tại để sẵn sàng rollback nếu gặp sự cố...
[2026-09-23 17:37:32] 📥 [2/5] Cập nhật mã nguồn từ GitHub...
[2026-09-23 17:37:32] 🔄 Reload PM2 để tiếp tục phục vụ bản cũ an toàn...
[2026-09-23 17:37:33] 📦 [3/5] Cài đặt dependencies mới...
[2026-09-23 17:38:27] 🔄 Reload PM2 để tiếp tục phục vụ bản cũ an toàn...
[2026-09-23 17:42:32] 🔄 Reload PM2 để tiếp tục phục vụ bản cũ an toàn...
[2026-09-23 17:44:05] 🚀 === BẮT ĐẦU QUY TRÌNH DEPLOY TỰ ĐỘNG ===
[2026-09-23 17:44:05] 📦 [1/5] Sao lưu bản build hiện tại để sẵn sàng rollback nếu gặp sự cố...
[2026-09-23 17:44:05] 📥 [2/5] Cập nhật mã nguồn từ GitHub...
[2026-09-23 17:44:05] 📦 [3/5] Cài đặt dependencies mới...
[2026-09-23 17:44:09] 🔨 [4/5] Build React Production Bundle qua Vite...
[2026-09-23 17:44:13] 🧪 [5/5] Kiểm tra file dist/index.html sau build...
[2026-09-23 17:44:13] ✨ Reload ứng dụng PM2 với phiên bản mới...
[2026-09-23 17:44:15] 🎉 DEPLOY THÀNH CÔNG RỰC RỠ! Phiên bản mới đã online.
